============================= test session starts =============================
platform win32 -- Python 3.13.7, pytest-8.4.2, pluggy-1.6.0
rootdir: C:\Users\ANESTIS\Desktop\Anestis\Uni\THESIS\Experiments
configfile: pyproject.toml
plugins: anyio-4.11.0, jaxtyping-0.3.3, asyncio-1.3.0, cov-7.0.0, timeout-2.4.0, typeguard-4.4.4
asyncio: mode=Mode.STRICT, debug=False, asyncio_default_fixture_loop_scope=None, asyncio_default_test_loop_scope=function
collected 16 items / 1 error

=================================== ERRORS ====================================
___________________ ERROR collecting tests/test_output.txt ____________________
C:\Python313\Lib\pathlib\_local.py:546: in read_text
    return PathBase.read_text(self, encoding, errors, newline)
           ^^^^^^^^^^^^^^^^^^^^^^^^^^^^^^^^^^^^^^^^^^^^^^^^^^^
C:\Python313\Lib\pathlib\_abc.py:633: in read_text
    return f.read()
           ^^^^^^^^
<frozen codecs>:325: in decode
    ???
E   UnicodeDecodeError: 'utf-8' codec can't decode byte 0xff in position 0: invalid start byte
============================== warnings summary ===============================
..\..\..\..\..\..\..\Python313\Lib\site-packages\torchao\dtypes\uintx\__init__.py:1
  C:\Python313\Lib\site-packages\torchao\dtypes\uintx\__init__.py:1: DeprecationWarning: Importing from torchao.dtypes.uintx.dyn_int8_act_int4_wei_cpu_layout is deprecated. Please use 'from torchao.prototype.dtypes import Int8DynamicActInt4WeightCPULayout' instead. This import path will be removed in a future release of torchao. See https://github.com/pytorch/ao/issues/2752 for more details.
    from .dyn_int8_act_int4_wei_cpu_layout import (

..\..\..\..\..\..\..\Python313\Lib\site-packages\torchao\dtypes\uintx\__init__.py:22
  C:\Python313\Lib\site-packages\torchao\dtypes\uintx\__init__.py:22: DeprecationWarning: Importing from torchao.dtypes.uintx.uintx_layout is deprecated. Please use 'from torchao.prototype.dtypes import UintxLayout, UintxTensor' instead. This import path will be removed in a future release of torchao. See https://github.com/pytorch/ao/issues/2752 for more details.
    from .uintx_layout import (

..\..\..\..\..\..\..\Python313\Lib\site-packages\torchao\dtypes\__init__.py:23
  C:\Python313\Lib\site-packages\torchao\dtypes\__init__.py:23: DeprecationWarning: Importing BlockSparseLayout from torchao.dtypes is deprecated. Please use 'from torchao.prototype.dtypes import BlockSparseLayout' instead. This import path will be removed in a future torchao release. Please check issue: https://github.com/pytorch/ao/issues/2752 for more details. 
    from .uintx.block_sparse_layout import BlockSparseLayout

-- Docs: https://docs.pytest.org/en/stable/how-to/capture-warnings.html
=========================== short test summary info ===========================
ERROR tests/test_output.txt - UnicodeDecodeError: 'utf-8' codec can't decode ...
!!!!!!!!!!!!!!!!!!! Interrupted: 1 error during collection !!!!!!!!!!!!!!!!!!!!
======================== 3 warnings, 1 error in 7.33s =========================
